// Jest Snapshot v1, https://goo.gl/fbAQLP

exports[`DataTable should render correctly 1`] = `
<div
  className="data-table"
>
  <input
    className="data-table__search"
    onChange={[Function]}
    placeholder="Search..."
    type="search"
    value=""
  />
  <table
    className="data-table__table"
  >
    <thead>
      <tr
        className="data-table__row data-table__row--head"
      >
        <th
          className="data-table__cell data-table__cell--head"
        >
          First name
        </th>
        <th
          className="data-table__cell data-table__cell--head"
        >
          Last name
        </th>
        <th
          className="data-table__cell data-table__cell--head"
        >
          E-Mail
        </th>
        <th
          className="data-table__cell data-table__cell--head"
        >
          Date of birth
        </th>
      </tr>
    </thead>
    <tbody>
      <tr
        className="data-table__row"
      >
        <td
          className="data-table__cell"
        >
          Test
        </td>
        <td
          className="data-table__cell"
        >
          Test
        </td>
        <td
          className="data-table__cell"
        >
          0@example.com
        </td>
        <td
          className="data-table__cell"
        >
          1995-01-01
        </td>
        <td
          className="data-table__cell"
        >
          <button
            className="data-table__delete"
            onClick={[Function]}
          >
            Delete
          </button>
        </td>
      </tr>
      <tr
        className="data-table__row"
      >
        <td
          className="data-table__cell"
        >
          Test
        </td>
        <td
          className="data-table__cell"
        >
          Test
        </td>
        <td
          className="data-table__cell"
        >
          1@example.com
        </td>
        <td
          className="data-table__cell"
        >
          1995-01-01
        </td>
        <td
          className="data-table__cell"
        >
          <button
            className="data-table__delete"
            onClick={[Function]}
          >
            Delete
          </button>
        </td>
      </tr>
      <tr
        className="data-table__row"
      >
        <td
          className="data-table__cell"
        >
          Test
        </td>
        <td
          className="data-table__cell"
        >
          Test
        </td>
        <td
          className="data-table__cell"
        >
          2@example.com
        </td>
        <td
          className="data-table__cell"
        >
          1995-01-01
        </td>
        <td
          className="data-table__cell"
        >
          <button
            className="data-table__delete"
            onClick={[Function]}
          >
            Delete
          </button>
        </td>
      </tr>
      <tr
        className="data-table__row"
      >
        <td
          className="data-table__cell"
        >
          Test
        </td>
        <td
          className="data-table__cell"
        >
          Test
        </td>
        <td
          className="data-table__cell"
        >
          3@example.com
        </td>
        <td
          className="data-table__cell"
        >
          1995-01-01
        </td>
        <td
          className="data-table__cell"
        >
          <button
            className="data-table__delete"
            onClick={[Function]}
          >
            Delete
          </button>
        </td>
      </tr>
      <tr
        className="data-table__row"
      >
        <td
          className="data-table__cell"
        >
          Test
        </td>
        <td
          className="data-table__cell"
        >
          Test
        </td>
        <td
          className="data-table__cell"
        >
          4@example.com
        </td>
        <td
          className="data-table__cell"
        >
          1995-01-01
        </td>
        <td
          className="data-table__cell"
        >
          <button
            className="data-table__delete"
            onClick={[Function]}
          >
            Delete
          </button>
        </td>
      </tr>
    </tbody>
  </table>
  <ul
    aria-label="Pagination"
    className="pagination"
    role="navigation"
  >
    <li
      className="pagination__item pagination__item--prev disabled"
    >
      <a
        aria-disabled="true"
        aria-label="Previous page"
        className=" "
        onClick={[Function]}
        onKeyPress={[Function]}
        rel="prev"
        role="button"
        tabIndex="-1"
      >
        &lt;
      </a>
    </li>
    <li
      className="pagination__item selected"
    >
      <a
        aria-current="page"
        aria-label="Page 1 is your current page"
        onClick={[Function]}
        onKeyPress={[Function]}
        rel="canonical"
        role="button"
        tabIndex="-1"
      >
        1
      </a>
    </li>
    <li
      className="pagination__item"
    >
      <a
        aria-current={null}
        aria-label="Page 2"
        onClick={[Function]}
        onKeyPress={[Function]}
        rel="next"
        role="button"
        tabIndex="0"
      >
        2
      </a>
    </li>
    <li
      className="pagination__item"
    >
      <a
        aria-current={null}
        aria-label="Page 3"
        onClick={[Function]}
        onKeyPress={[Function]}
        role="button"
        tabIndex="0"
      >
        3
      </a>
    </li>
    <li
      className="pagination__item"
    >
      <a
        aria-current={null}
        aria-label="Page 4"
        onClick={[Function]}
        onKeyPress={[Function]}
        role="button"
        tabIndex="0"
      >
        4
      </a>
    </li>
    <li
      className="pagination__item"
    >
      <a
        aria-current={null}
        aria-label="Page 5"
        onClick={[Function]}
        onKeyPress={[Function]}
        role="button"
        tabIndex="0"
      >
        5
      </a>
    </li>
    <li
      className="break"
    >
      <a
        onClick={[Function]}
        onKeyPress={[Function]}
        role="button"
        tabIndex="0"
      >
        ...
      </a>
    </li>
    <li
      className="pagination__item"
    >
      <a
        aria-current={null}
        aria-label="Page 18"
        onClick={[Function]}
        onKeyPress={[Function]}
        role="button"
        tabIndex="0"
      >
        18
      </a>
    </li>
    <li
      className="pagination__item"
    >
      <a
        aria-current={null}
        aria-label="Page 19"
        onClick={[Function]}
        onKeyPress={[Function]}
        role="button"
        tabIndex="0"
      >
        19
      </a>
    </li>
    <li
      className="pagination__item"
    >
      <a
        aria-current={null}
        aria-label="Page 20"
        onClick={[Function]}
        onKeyPress={[Function]}
        role="button"
        tabIndex="0"
      >
        20
      </a>
    </li>
    <li
      className="pagination__item pagination__item--next"
    >
      <a
        aria-disabled="false"
        aria-label="Next page"
        className=""
        onClick={[Function]}
        onKeyPress={[Function]}
        rel="next"
        role="button"
        tabIndex="0"
      >
        &gt;
      </a>
    </li>
  </ul>
</div>
`;
